../Drivers/BSP/Components/M24xx/m24xx.c:115:9:M24_i2c_Init	8	static
../Drivers/BSP/Components/M24xx/m24xx.c:130:9:M24_i2c_DeInit	8	static
../Drivers/BSP/Components/M24xx/m24xx.c:146:9:M24_i2c_IsDeviceReady	8	static
../Drivers/BSP/Components/M24xx/m24xx.c:159:9:M24_i2c_ReadByte	16	static
../Drivers/BSP/Components/M24xx/m24xx.c:181:9:M24_i2c_ReadPage	24	static
../Drivers/BSP/Components/M24xx/m24xx.c:203:9:M24_i2c_ReadData	24	static
../Drivers/BSP/Components/M24xx/m24xx.c:225:9:M24_i2c_WriteByte	16	static
../Drivers/BSP/Components/M24xx/m24xx.c:251:9:M24_i2c_WritePage	24	static
../Drivers/BSP/Components/M24xx/m24xx.c:281:9:M24_i2c_WriteData	40	static
../Drivers/BSP/Components/M24xx/m24xx.c:345:9:M24_i2c_WriteID	32	static
../Drivers/BSP/Components/M24xx/m24xx.c:398:9:M24_i2c_ReadID	24	static
../Drivers/BSP/Components/M24xx/m24xx.c:448:9:M24_i2c_LockID	24	static
../Drivers/BSP/Components/M24xx/m24xx.c:474:9:M24_i2c_LockStatus	24	static
../Drivers/BSP/Components/M24xx/m24xx.c:90:9:M24_RegisterBusIO	0	static
