../Drivers/BSP/Components/M95xx/m95xx.c:100:9:M95_spi_Init	8	static
../Drivers/BSP/Components/M95xx/m95xx.c:116:9:M95_spi_DeInit	8	static
../Drivers/BSP/Components/M95xx/m95xx.c:131:9:M95_spi_IsDeviceReady	8	static
../Drivers/BSP/Components/M95xx/m95xx.c:142:9:M95_spi_ReadReg	16	static
../Drivers/BSP/Components/M95xx/m95xx.c:153:9:M95_spi_WriteReg	16	static
../Drivers/BSP/Components/M95xx/m95xx.c:167:9:M95_spi_ReadByte	24	static
../Drivers/BSP/Components/M95xx/m95xx.c:211:9:M95_spi_ReadData	40	static
../Drivers/BSP/Components/M95xx/m95xx.c:193:9:M95_spi_ReadPage	24	static
../Drivers/BSP/Components/M95xx/m95xx.c:249:9:M95_spi_WriteByte	24	static
../Drivers/BSP/Components/M95xx/m95xx.c:299:9:M95_spi_WriteData	48	static
../Drivers/BSP/Components/M95xx/m95xx.c:279:9:M95_spi_WritePage	32	static
../Drivers/BSP/Components/M95xx/m95xx.c:367:9:M95_spi_WriteID	32	static
../Drivers/BSP/Components/M95xx/m95xx.c:421:9:M95_spi_ReadID	32	static
../Drivers/BSP/Components/M95xx/m95xx.c:472:9:M95_spi_LockStatus	24	static
../Drivers/BSP/Components/M95xx/m95xx.c:487:9:M95_spi_LockID	24	static
../Drivers/BSP/Components/M95xx/m95xx.c:75:9:M95_RegisterBusIO	0	static
